Microchip MPLAB XC8 Compiler V2.36

Linker command line:

-W-3 --edf=C:\Program Files\Microchip\xc8\v2.36\pic\dat\en_msgs.txt -cn \
  -h+dist/default/production\Digital_Voltimeter.X.production.sym \
  --cmf=dist/default/production\Digital_Voltimeter.X.production.cmf -z \
  -Q16F877A -oC:\Users\Dell\AppData\Local\Temp\xcAs7m4.4 \
  --defsym=__MPLAB_BUILD=1 \
  -Mdist/default/production/Digital_Voltimeter.X.production.map \
  --md=C:\Users\Dell\AppData\Local\Temp\xcAs7m4.dat -E1 -ver=XC8 Compiler \
  --acfsm=1493 -ACODE=00h-07FFhx4 -ASTRCODE=00h-01FFFh -ASTRING=00h-0FFhx32 \
  -ACONST=00h-0FFhx32 -AENTRY=00h-0FFhx32 -ACOMMON=070h-07Fh \
  -ABANK0=020h-06Fh -ABANK1=0A0h-0EFh -ABANK2=0110h-016Fh \
  -ABANK3=0190h-01EFh -ARAM=020h-06Fh,0A0h-0EFh,0110h-016Fh,0190h-01EFh \
  -AABS1=020h-07Fh,0A0h-0EFh,0110h-016Fh,0190h-01EFh -ASFR0=00h-01Fh \
  -ASFR1=080h-09Fh -ASFR2=0100h-010Fh -ASFR3=0180h-018Fh \
  -ACONFIG=02007h-02007h -DCONFIG=2 -AIDLOC=02000h-02003h -DIDLOC=2 \
  -AEEDATA=00h-0FFh/02100h -peeprom_data=EEDATA -DEEDATA=2 -DCODE=2 \
  -DSTRCODE=2 -DSTRING=2 -DCONST=2 -DENTRY=2 \
  -preset_vec=00h,intentry,init,end_init -ppowerup=CODE -pcinit=CODE \
  -pfunctab=ENTRY -k C:\Users\Dell\AppData\Local\Temp\xcAs7m4.o \
  dist/default/production\Digital_Voltimeter.X.production.o 

Object code version is 3.11

Machine type is 16F877A



                Name                               Link     Load   Length Selector   Space Scale
C:\Users\Dell\AppData\Local\Temp\xcAs7m4.o
                end_init                              0        0        3        0       0
                config                             2007     2007        1        0       4
dist/default/production\Digital_Voltimeter.X.production.o
                cinit                               7EE      7EE       12      FDC       0
                config                             2007     2007        1        0       4
                text30                             1D66     1D66       39     3ACC       0
                text29                             1F9C     1F9C       64     3F38       0
                text28                             1000     1000        D     193E       0
                text27                             1D9F     1D9F       3A     3B3E       0
                text26                             1E13     1E13       44     3C26       0
                text25                             1E57     1E57       4A     3CAE       0
                text24                             1D2E     1D2E       38     3A5C       0
                text23                             1CCE     1CCE       17     399C       0
                text22                             1CAE     1CAE        E     395C       0
                text21                             1EA1     1EA1       4E     3D42       0
                text20                             109A     109A       A2     2134       0
                text19                             1CA3     1CA3        B     3946       0
                text18                             1578     1578      288     2AF0       0
                text17                             1CE5     1CE5       24     39CA       0
                text16                              806      806       7C     100C       0
                text15                             1034     1034       66     2068       0
                text14                             1EEF     1EEF       54     3DDE       0
                text13                             1D09     1D09       25     3A12       0
                text12                             113C     113C       BA     2278       0
                text11                              882      882       BE     1104       0
                text10                             12B0     12B0       BD     2560       0
                text9                              100D     100D       27     201A       0
                text8                               C9F      C9F      361     193E       0
                text7                              1DD9     1DD9       3A     3BB2       0
                text6                              136D     136D      20B     26DA       0
                text5                              1CBC     1CBC       12     3978       0
                text4                                 A        A       69       14       0
                text3                              1F43     1F43       59     3E86       0
                text2                               940      940      35F     1280       0
                text1                                73       73      77B       E6       0
                maintext                           11F6     11F6       BA     23EC       0
                cstackBANK0                          20       20       4F       20       1
                cstackCOMMON                         70       70        E       70       1
                cstackBANK1                          A0       A0       48       A0       1
                dataBANK1                            E8       E8        2       A0       1
                strings                            1800     1800       A1     3000       0
                idataBANK1                            8        8        2       10       0

TOTAL           Name                               Link     Load   Length     Space
        CLASS   CODE           
                end_init                              0        0        3         0
                cinit                               7EE      7EE       12         0
                text30                             1D66     1D66       39         0
                text29                             1F9C     1F9C       64         0
                text28                             1000     1000        D         0
                text27                             1D9F     1D9F       3A         0
                text26                             1E13     1E13       44         0
                text25                             1E57     1E57       4A         0
                text24                             1D2E     1D2E       38         0
                text23                             1CCE     1CCE       17         0
                text22                             1CAE     1CAE        E         0
                text21                             1EA1     1EA1       4E         0
                text20                             109A     109A       A2         0
                text19                             1CA3     1CA3        B         0
                text18                             1578     1578      288         0
                text17                             1CE5     1CE5       24         0
                text16                              806      806       7C         0
                text15                             1034     1034       66         0
                text14                             1EEF     1EEF       54         0
                text13                             1D09     1D09       25         0
                text12                             113C     113C       BA         0
                text11                              882      882       BE         0
                text10                             12B0     12B0       BD         0
                text9                              100D     100D       27         0
                text8                               C9F      C9F      361         0
                text7                              1DD9     1DD9       3A         0
                text6                              136D     136D      20B         0
                text5                              1CBC     1CBC       12         0
                text4                                 A        A       69         0
                text3                              1F43     1F43       59         0
                text2                               940      940      35F         0
                text1                                73       73      77B         0
                maintext                           11F6     11F6       BA         0
                idataBANK1                            8        8        2         0

        CLASS   STRCODE        

        CLASS   STRING         
                strings                            1800     1800       A1         0

        CLASS   CONST          

        CLASS   ENTRY          

        CLASS   COMMON         
                cstackCOMMON                         70       70        E         1

        CLASS   BANK0          
                cstackBANK0                          20       20       4F         1

        CLASS   BANK1          
                cstackBANK1                          A0       A0       48         1
                dataBANK1                            E8       E8        2         1

        CLASS   BANK2          

        CLASS   BANK3          

        CLASS   RAM            

        CLASS   ABS1           
                abs_s1                               7E       7E        2         1

        CLASS   SFR0           

        CLASS   SFR1           

        CLASS   SFR2           

        CLASS   SFR3           

        CLASS   CONFIG         
                config                             2007     2007        1         4

        CLASS   IDLOC          

        CLASS   EEDATA         

        CLASS   STACK          



SEGMENTS        Name                           Load    Length   Top    Selector   Space  Class     Delta

                reset_vec                      000000  000003  000003         0       0  CODE        2
                idataBANK1                     000008  000002  00000A        10       0  CODE        2
                text4                          00000A  000069  000073        14       0  CODE        2
                cstackBANK0                    000020  00004F  00006F        20       1  BANK0       1
                cstackCOMMON                   000070  00000E  00007E        70       1  COMMON      1
                cstackBANK1                    0000A0  00004A  0000EA        A0       1  BANK1       1
                text1                          000073  00077B  0007EE        E6       0  CODE        2
                cinit                          0007EE  000012  000800       FDC       0  CODE        2
                text16                         000806  00007C  000882      100C       0  CODE        2
                text11                         000882  0000BE  000940      1104       0  CODE        2
                text2                          000940  00035F  000C9F      1280       0  CODE        2
                text8                          000C9F  00036E  00100D      193E       0  CODE        2
                text9                          00100D  000027  001034      201A       0  CODE        2
                text15                         001034  000066  00109A      2068       0  CODE        2
                text20                         00109A  0000A2  00113C      2134       0  CODE        2
                text12                         00113C  0000BA  0011F6      2278       0  CODE        2
                maintext                       0011F6  0000BA  0012B0      23EC       0  CODE        2
                text10                         0012B0  0000BD  00136D      2560       0  CODE        2
                text6                          00136D  00020B  001578      26DA       0  CODE        2
                text18                         001578  000288  001800      2AF0       0  CODE        2
                strings                        001800  0000A1  0018A1      3000       0  STRING      2
                text19                         001CA3  00000B  001CAE      3946       0  CODE        2
                text22                         001CAE  00000E  001CBC      395C       0  CODE        2
                text5                          001CBC  000012  001CCE      3978       0  CODE        2
                text23                         001CCE  000017  001CE5      399C       0  CODE        2
                text17                         001CE5  000024  001D09      39CA       0  CODE        2
                text13                         001D09  000025  001D2E      3A12       0  CODE        2
                text24                         001D2E  000038  001D66      3A5C       0  CODE        2
                text30                         001D66  000039  001D9F      3ACC       0  CODE        2
                text27                         001D9F  00003A  001DD9      3B3E       0  CODE        2
                text7                          001DD9  00003A  001E13      3BB2       0  CODE        2
                text26                         001E13  000044  001E57      3C26       0  CODE        2
                text25                         001E57  00004A  001EA1      3CAE       0  CODE        2
                text21                         001EA1  00004E  001EEF      3D42       0  CODE        2
                text14                         001EEF  000054  001F43      3DDE       0  CODE        2
                text3                          001F43  000059  001F9C      3E86       0  CODE        2
                text29                         001F9C  000064  002000      3F38       0  CODE        2


UNUSED ADDRESS RANGES

        Name                Unused          Largest block    Delta
        BANK0            006F-006F              1           1
        BANK1            00EA-00EF              6           1
        BANK2            0110-016F             60           1
        BANK3            0190-01EF             60           1
        CODE             0003-0007              5           2
                         0800-0805              6
                         18A1-1CA2            402
        CONST            0003-0007              5           2
                         0800-0805              6
                         18A1-1CA2            100
        EEDATA           2100-21FF            100           2
        ENTRY            0003-0007              5           2
                         0800-0805              6
                         18A1-1CA2            100
        IDLOC            2000-2003              4           2
        RAM              006F-006F              1           1
                         00EA-00EF              6
                         0110-016F             60
                         0190-01EF             60
        SFR0             0000-001F             20           1
        SFR1             0080-009F             20           1
        SFR2             0100-010F             10           1
        SFR3             0180-018F             10           1
        STRCODE          0003-0007              5           2
                         0800-0805              6
                         18A1-1CA2            402
        STRING           0003-0007              5           2
                         0800-0805              6
                         18A1-1CA2            100

                                  Symbol Table

?_GetADCValue             cstackCOMMON 0070
?_Read_adc                cstackBANK0  0020
?__Umul8_16               cstackCOMMON 0070
?___awdiv                 cstackCOMMON 0077
?___awmod                 cstackCOMMON 0070
?___fladd                 cstackBANK0  0052
?___flmul                 cstackBANK0  0024
?___flneg                 cstackCOMMON 0070
?___flsub                 cstackBANK0  0066
?___fltol                 cstackBANK0  0051
?___lldiv                 cstackCOMMON 0070
?___llmod                 cstackCOMMON 0070
?___lwdiv                 cstackCOMMON 0076
?___lwmod                 cstackCOMMON 0070
?___wmul                  cstackCOMMON 0070
?___xxtofl                cstackCOMMON 0070
?__div_to_l_              cstackCOMMON 0070
?__tdiv_to_l_             cstackCOMMON 0070
?_fround                  cstackBANK0  003E
?_scale                   cstackBANK0  003E
?_sprintf                 cstackBANK1  00A0
GetADCValue@Channel       cstackCOMMON 0075
Read_adc@adc_parameter    cstackBANK0  0026
Read_adc@i                cstackBANK0  0029
Read_adc@sample           cstackBANK0  0024
Read_adc@sum              cstackBANK0  0027
WriteLCDLine1@s           cstackCOMMON 0076
WriteStringToLCD@s        cstackCOMMON 0075
_ADCON0                   (abs)        001F
_ADCON1                   (abs)        009F
_ADRESH                   (abs)        001E
_ADRESL                   (abs)        009E
_GO_nDONE                 (abs)        00FA
_GetADCValue              text27       1D9F
_InitLCD                  text29       1F9C
_Init_ADC                 text28       1000
_PORTB                    (abs)        0006
_PORTBbits                (abs)        0006
_Read_adc                 text25       1E57
_TRISA                    (abs)        0085
_TRISB                    (abs)        0086
_TRISE                    (abs)        0089
_WriteLCDLine1            text22       1CAE
_WriteStringToLCD         text23       1CCE
__Habs1                   abs1         0000
__Hbank0                  bank0        0000
__Hbank1                  bank1        0000
__Hbank2                  bank2        0000
__Hbank3                  bank3        0000
__Hcinit                  cinit        0800
__Hclrtext                clrtext      0000
__Hcode                   code         0000
__Hcommon                 common       0000
__Hconfig                 config       2008
__HcstackBANK0            cstackBANK0  0000
__HcstackBANK1            cstackBANK1  0000
__HcstackCOMMON           cstackCOMMON 0000
__HdataBANK1              dataBANK1    0000
__Heeprom_data            eeprom_data  0000
__Hend_init               end_init     0003
__Hfunctab                functab      0000
__HidataBANK1             idataBANK1   0000
__Hinit                   init         0000
__Hintentry               intentry     0000
__Hmaintext               maintext     0000
__Hpowerup                powerup      0000
__Hram                    ram          0000
__Hreset_vec              reset_vec    0000
__Hsfr0                   sfr0         0000
__Hsfr1                   sfr1         0000
__Hsfr2                   sfr2         0000
__Hsfr3                   sfr3         0000
__Hspace_0                (abs)        2000
__Hspace_1                (abs)        00EA
__Hspace_2                (abs)        0000
__Hspace_3                (abs)        0000
__Hspace_4                (abs)        400F
__Hstack                  stack        0000
__Hstrings                strings      0000
__Htext                   text         0000
__Labs1                   abs1         0000
__Lbank0                  bank0        0000
__Lbank1                  bank1        0000
__Lbank2                  bank2        0000
__Lbank3                  bank3        0000
__Lcinit                  cinit        07EE
__Lclrtext                clrtext      0000
__Lcode                   code         0000
__Lcommon                 common       0000
__Lconfig                 config       0000
__LcstackBANK0            cstackBANK0  0000
__LcstackBANK1            cstackBANK1  0000
__LcstackCOMMON           cstackCOMMON 0000
__LdataBANK1              dataBANK1    0000
__Leeprom_data            eeprom_data  0000
__Lend_init               end_init     0000
__Lfunctab                functab      0000
__LidataBANK1             idataBANK1   0000
__Linit                   init         0000
__Lintentry               intentry     0000
__Lmaintext               maintext     0000
__Lpowerup                powerup      0000
__Lram                    ram          0000
__Lreset_vec              reset_vec    0000
__Lsfr0                   sfr0         0000
__Lsfr1                   sfr1         0000
__Lsfr2                   sfr2         0000
__Lsfr3                   sfr3         0000
__Lspace_0                (abs)        0000
__Lspace_1                (abs)        0000
__Lspace_2                (abs)        0000
__Lspace_3                (abs)        0000
__Lspace_4                (abs)        0000
__Lstack                  stack        0000
__Lstrings                strings      0000
__Ltext                   text         0000
__S0                      (abs)        2000
__S1                      (abs)        00EA
__S3                      (abs)        0000
__Umul8_16                text9        100D
__Umul8_16@multiplicand   cstackCOMMON 0070
__Umul8_16@multiplier     cstackCOMMON 0078
__Umul8_16@product        cstackCOMMON 0074
__Umul8_16@word_mpld      cstackCOMMON 0076
___awdiv                  text4        000A
___awdiv@counter          cstackBANK0  0020
___awdiv@dividend         cstackCOMMON 0079
___awdiv@divisor          cstackCOMMON 0077
___awdiv@quotient         cstackBANK0  0022
___awdiv@sign             cstackBANK0  0021
___awmod                  text3        1F43
___awmod@counter          cstackCOMMON 0075
___awmod@dividend         cstackCOMMON 0072
___awmod@divisor          cstackCOMMON 0070
___awmod@sign             cstackCOMMON 0076
___fladd                  text18       1578
___fladd@a                cstackBANK0  0056
___fladd@aexp             cstackBANK0  0063
___fladd@b                cstackBANK0  0052
___fladd@bexp             cstackBANK0  0064
___fladd@grs              cstackBANK0  0065
___fladd@signs            cstackBANK0  0062
___fleq                   text21       1EA1
___fleq@ff1               cstackCOMMON 0070
___fleq@ff2               cstackCOMMON 0074
___flge                   text20       109A
___flge@ff1               cstackCOMMON 0070
___flge@ff2               cstackCOMMON 0074
___flmul                  text8        0C9F
___flmul@a                cstackBANK0  0028
___flmul@aexp             cstackBANK0  0036
___flmul@b                cstackBANK0  0024
___flmul@bexp             cstackBANK0  0037
___flmul@grs              cstackBANK0  0032
___flmul@prod             cstackBANK0  0038
___flmul@sign             cstackBANK0  0031
___flmul@temp             cstackBANK0  003C
___flneg                  text19       1CA3
___flneg@f1               cstackCOMMON 0070
___flsub                  text17       1CE5
___flsub@a                cstackBANK0  0066
___flsub@b                cstackBANK0  006A
___fltol                  text16       0806
___fltol@exp1             cstackBANK0  005B
___fltol@f1               cstackBANK0  0051
___fltol@sign1            cstackBANK0  005A
___int_sp                 stack        0000
___latbits                (abs)        0002
___lldiv                  text15       1034
___lldiv@counter          cstackCOMMON 007D
___lldiv@dividend         cstackCOMMON 0074
___lldiv@divisor          cstackCOMMON 0070
___lldiv@quotient         cstackCOMMON 0079
___llmod                  text14       1EEF
___llmod@counter          cstackCOMMON 0079
___llmod@dividend         cstackCOMMON 0074
___llmod@divisor          cstackCOMMON 0070
___lwdiv                  text26       1E13
___lwdiv@counter          cstackCOMMON 007D
___lwdiv@dividend         cstackCOMMON 0078
___lwdiv@divisor          cstackCOMMON 0076
___lwdiv@quotient         cstackCOMMON 007B
___lwmod                  text7        1DD9
___lwmod@counter          cstackCOMMON 0075
___lwmod@dividend         cstackCOMMON 0072
___lwmod@divisor          cstackCOMMON 0070
___sp                     stack        0000
___stackhi                (abs)        0000
___stacklo                (abs)        0000
___wmul                   text13       1D09
___wmul@multiplicand      cstackCOMMON 0072
___wmul@multiplier        cstackCOMMON 0070
___wmul@product           cstackCOMMON 0074
___xxtofl                 text12       113C
___xxtofl@arg             cstackCOMMON 007A
___xxtofl@exp             cstackCOMMON 0079
___xxtofl@sign            cstackCOMMON 0078
___xxtofl@val             cstackCOMMON 0070
__div_to_l_               text11       0882
__div_to_l_@cntr          cstackBANK0  0024
__div_to_l_@exp1          cstackBANK0  0025
__div_to_l_@f1            cstackCOMMON 0070
__div_to_l_@f2            cstackCOMMON 0074
__div_to_l_@quot          cstackBANK0  0020
__end_of_GetADCValue      text27       1DD9
__end_of_InitLCD          text29       2000
__end_of_Init_ADC         text28       100D
__end_of_Read_adc         text25       1EA1
__end_of_WriteLCDLine1    text22       1CBC
__end_of_WriteStringToLCD text23       1CE5
__end_of__Umul8_16        text9        1034
__end_of___awdiv          text4        0073
__end_of___awmod          text3        1F9C
__end_of___fladd          text18       1800
__end_of___fleq           text21       1EEF
__end_of___flge           text20       113C
__end_of___flmul          text8        1000
__end_of___flneg          text19       1CAE
__end_of___flsub          text17       1D09
__end_of___fltol          text16       0882
__end_of___lldiv          text15       109A
__end_of___llmod          text14       1F43
__end_of___lwdiv          text26       1E57
__end_of___lwmod          text7        1E13
__end_of___wmul           text13       1D2E
__end_of___xxtofl         text12       11F6
__end_of__div_to_l_       text11       0940
__end_of__initialization  cinit        07FC
__end_of__npowers_        strings      186E
__end_of__powers_         strings      183A
__end_of__stringtab       strings      1806
__end_of__tdiv_to_l_      text10       136D
__end_of_dpowers          strings      1896
__end_of_fround           text6        1578
__end_of_isdigit          text5        1CCE
__end_of_lcdcmd           text30       1D9F
__end_of_lcddata          text24       1D66
__end_of_main             maintext     12B0
__end_of_scale            text2        0C9F
__end_of_sprintf          text1        07EE
__initialization          cinit        07EE
__npowers_                strings      183A
__pcstackBANK0            cstackBANK0  0020
__pcstackBANK1            cstackBANK1  00A0
__pcstackCOMMON           cstackCOMMON 0070
__pdataBANK1              dataBANK1    00E8
__pidataBANK1             idataBANK1   0008
__pmaintext               maintext     11F6
__powers_                 strings      1806
__pstrings                strings      1800
__ptext1                  text1        0073
__ptext10                 text10       12B0
__ptext11                 text11       0882
__ptext12                 text12       113C
__ptext13                 text13       1D09
__ptext14                 text14       1EEF
__ptext15                 text15       1034
__ptext16                 text16       0806
__ptext17                 text17       1CE5
__ptext18                 text18       1578
__ptext19                 text19       1CA3
__ptext2                  text2        0940
__ptext20                 text20       109A
__ptext21                 text21       1EA1
__ptext22                 text22       1CAE
__ptext23                 text23       1CCE
__ptext24                 text24       1D2E
__ptext25                 text25       1E57
__ptext26                 text26       1E13
__ptext27                 text27       1D9F
__ptext28                 text28       1000
__ptext29                 text29       1F9C
__ptext3                  text3        1F43
__ptext30                 text30       1D66
__ptext4                  text4        000A
__ptext5                  text5        1CBC
__ptext6                  text6        136D
__ptext7                  text7        1DD9
__ptext8                  text8        0C9F
__ptext9                  text9        100D
__stringbase              strings      1805
__stringtab               strings      1800
__tdiv_to_l_              text10       12B0
__tdiv_to_l_@cntr         cstackBANK0  0024
__tdiv_to_l_@exp1         cstackBANK0  0025
__tdiv_to_l_@f1           cstackCOMMON 0070
__tdiv_to_l_@f2           cstackCOMMON 0074
__tdiv_to_l_@quot         cstackBANK0  0020
_dpowers                  strings      186E
_fround                   text6        136D
_fround$826               cstackBANK0  004D
_fround$827               cstackBANK0  0049
_isdigit                  text5        1CBC
_isdigit$634              cstackCOMMON 0070
_lcdcmd                   text30       1D66
_lcddata                  text24       1D2E
_main                     maintext     11F6
_main$825                 cstackBANK1  00E2
_scale                    text2        0940
_scale$828                cstackBANK0  004C
_sprintf                  text1        0073
_sprintf$829              cstackBANK1  00AA
btemp                     (abs)        007E
end_of_initialization     cinit        07FC
fround@prec               cstackBANK0  0051
intlevel0                 functab      0000
intlevel1                 functab      0000
intlevel2                 functab      0000
intlevel3                 functab      0000
intlevel4                 functab      0000
intlevel5                 functab      0000
isdigit@c                 cstackCOMMON 0071
lcdcmd@cmd                cstackCOMMON 0073
lcdcmd@value              cstackCOMMON 0072
lcddata@dta               cstackCOMMON 0073
lcddata@value             cstackCOMMON 0072
main@ADC_Value            cstackBANK1  00E6
main@Volt                 cstackBANK1  00DE
main@string               cstackBANK1  00C5
reset_vec                 reset_vec    0000
scale@scl                 cstackBANK0  0050
sprintf@ap                cstackBANK1  00AE
sprintf@c                 cstackBANK1  00C4
sprintf@eexp              cstackBANK1  00BB
sprintf@f                 cstackBANK1  00A0
sprintf@flag              cstackBANK1  00B3
sprintf@fval              cstackBANK1  00BD
sprintf@prec              cstackBANK1  00C2
sprintf@sp                cstackBANK1  00C1
sprintf@tmpval            cstackBANK1  00B7
sprintf@val               cstackBANK1  00AF
sprintf@width             cstackBANK1  00B5
start                     init         0000
start_initialization      cinit        07EE
wtemp0                    (abs)        007E


MODULE INFORMATION

Module		Function		Class		Link	Load	Size
C:\Program Files\Microchip\xc8\v2.36\pic\sources\c90\common\doprnt.c
		_scale         		CODE           	0940	0000	863
		_sprintf       		CODE           	0073	0000	1915
		_fround        		CODE           	136D	0000	523

C:\Program Files\Microchip\xc8\v2.36\pic\sources\c90\common\doprnt.c estimated size: 3301

C:\Program Files\Microchip\xc8\v2.36\pic\sources\c90\common\lwmod.c
		___lwmod       		CODE           	1DD9	0000	58

C:\Program Files\Microchip\xc8\v2.36\pic\sources\c90\common\lwmod.c estimated size: 58

C:\Program Files\Microchip\xc8\v2.36\pic\sources\c90\common\awmod.c
		___awmod       		CODE           	1F43	0000	89

C:\Program Files\Microchip\xc8\v2.36\pic\sources\c90\common\awmod.c estimated size: 89

C:\Program Files\Microchip\xc8\v2.36\pic\sources\c90\common\llmod.c
		___llmod       		CODE           	1EEF	0000	84

C:\Program Files\Microchip\xc8\v2.36\pic\sources\c90\common\llmod.c estimated size: 84

../../main.c
		_main          		CODE           	11F6	0000	186

../../main.c estimated size: 186

../../Functions.c
		_Init_ADC      		CODE           	1000	0000	13
		_Read_adc      		CODE           	1E57	0000	74
		_GetADCValue   		CODE           	1D9F	0000	58

../../Functions.c estimated size: 145

C:\Program Files\Microchip\xc8\v2.36\pic\sources\c90\common\ftdivl.c
		__tdiv_to_l_   		CODE           	12B0	0000	189

C:\Program Files\Microchip\xc8\v2.36\pic\sources\c90\common\ftdivl.c estimated size: 189

C:\Program Files\Microchip\xc8\v2.36\pic\sources\c90\common\Umul16.c
		___wmul        		CODE           	1D09	0000	37

C:\Program Files\Microchip\xc8\v2.36\pic\sources\c90\common\Umul16.c estimated size: 37

C:\Program Files\Microchip\xc8\v2.36\pic\sources\c90\common\fleq.c
		___fleq        		CODE           	1EA1	0000	78

C:\Program Files\Microchip\xc8\v2.36\pic\sources\c90\common\fleq.c estimated size: 78

C:\Program Files\Microchip\xc8\v2.36\pic\sources\c90\common\fldivl.c
		__div_to_l_    		CODE           	0882	0000	190

C:\Program Files\Microchip\xc8\v2.36\pic\sources\c90\common\fldivl.c estimated size: 190

C:\Program Files\Microchip\xc8\v2.36\pic\sources\c90\common\lwdiv.c
		___lwdiv       		CODE           	1E13	0000	68

C:\Program Files\Microchip\xc8\v2.36\pic\sources\c90\common\lwdiv.c estimated size: 68

C:\Program Files\Microchip\xc8\v2.36\pic\sources\c90\common\sprcmul.c
		___flmul       		CODE           	0C9F	0000	865

C:\Program Files\Microchip\xc8\v2.36\pic\sources\c90\common\sprcmul.c estimated size: 865

C:\Program Files\Microchip\xc8\v2.36\pic\sources\c90\common\awdiv.c
		___awdiv       		CODE           	000A	0000	105

C:\Program Files\Microchip\xc8\v2.36\pic\sources\c90\common\awdiv.c estimated size: 105

../../LCD.c
		_lcdcmd        		CODE           	1D66	0000	57
		_WriteStringToLCD		CODE           	1CCE	0000	23
		_lcddata       		CODE           	1D2E	0000	56
		_InitLCD       		CODE           	1F9C	0000	100
		_WriteLCDLine1 		CODE           	1CAE	0000	14

../../LCD.c estimated size: 250

C:\Program Files\Microchip\xc8\v2.36\pic\sources\c90\common\fltol.c
		___fltol       		CODE           	0806	0000	124

C:\Program Files\Microchip\xc8\v2.36\pic\sources\c90\common\fltol.c estimated size: 124

C:\Program Files\Microchip\xc8\v2.36\pic\sources\c90\common\__lldiv.c
		___lldiv       		CODE           	1034	0000	102

C:\Program Files\Microchip\xc8\v2.36\pic\sources\c90\common\__lldiv.c estimated size: 102

shared
		__stringtab    		STRING         	1800	0000	6
		__powers_      		STRING         	1806	0000	52
		_dpowers       		STRING         	186E	0000	40
		__npowers_     		STRING         	183A	0000	52
		__initialization		CODE           	07EE	0000	14

shared estimated size: 164

C:\Program Files\Microchip\xc8\v2.36\pic\sources\c90\common\xxtofl.c
		___xxtofl      		CODE           	113C	0000	186

C:\Program Files\Microchip\xc8\v2.36\pic\sources\c90\common\xxtofl.c estimated size: 186

C:\Program Files\Microchip\xc8\v2.36\pic\sources\c90\common\flneg.c
		___flneg       		CODE           	1CA3	0000	11

C:\Program Files\Microchip\xc8\v2.36\pic\sources\c90\common\flneg.c estimated size: 11

C:\Program Files\Microchip\xc8\v2.36\pic\sources\c90\common\isdigit.c
		_isdigit       		CODE           	1CBC	0000	18

C:\Program Files\Microchip\xc8\v2.36\pic\sources\c90\common\isdigit.c estimated size: 18

C:\Program Files\Microchip\xc8\v2.36\pic\sources\c90\common\sprcadd.c
		___flsub       		CODE           	1CE5	0000	36
		___fladd       		CODE           	1578	0000	648

C:\Program Files\Microchip\xc8\v2.36\pic\sources\c90\common\sprcadd.c estimated size: 684

C:\Program Files\Microchip\xc8\v2.36\pic\sources\c90\common\flge.c
		___flge        		CODE           	109A	0000	162

C:\Program Files\Microchip\xc8\v2.36\pic\sources\c90\common\flge.c estimated size: 162

C:\Program Files\Microchip\xc8\v2.36\pic\sources\c90\common\Umul8_16.c
		__Umul8_16     		CODE           	100D	0000	39

C:\Program Files\Microchip\xc8\v2.36\pic\sources\c90\common\Umul8_16.c estimated size: 39

